[percy] Notice: Percy collects CI logs for service improvement, stored for 30 days. Opt-out anytime with export PERCY_CLIENT_ERROR_LOGS=false
[percy] Percy has started!
[[95mpercy[39m] [On Home Page] : Starting automate screenshot ...
[percy] Snapshot taken: On Home Page
[[95mpercy[39m] [On Cart Page after Selecting Product] : Starting automate screenshot ...
[[95mpercy[39m] [On Home Page] : Starting automate screenshot ...
[percy] Snapshot taken: On Cart Page after Selecting Product
[percy] Snapshot taken: On Home Page
[percy] Error: Cannot verify until tile is uploaded (sha: c1c841456c0493971906a32f5c4d7c050ada1e97d104cddb72b10f1ebb57da5a)
[percy] Error: Cannot verify until tile is uploaded (sha: c1c841456c0493971906a32f5c4d7c050ada1e97d104cddb72b10f1ebb57da5a)
[[95mpercy[39m] [On Cart Page after Selecting Product] : Starting automate screenshot ...
[percy] Snapshot taken: On Cart Page after Selecting Product
[percy] Error: Cannot verify until tile is uploaded (sha: b947945de926c039eae64cf487203df4e066e0cf4687628dc027fe37bcaecd42)
[[95mpercy[39m] [Checkout Page] : Starting automate screenshot ...
[percy] Snapshot taken: Checkout Page
[percy] Error: Cannot verify until tile is uploaded (sha: 2493503afe5747ad49e777a07c2087155a8d88140e3e69e69498ac245ba73a01)
[[95mpercy[39m] [Checkout Page] : Starting automate screenshot ...
[percy] Snapshot taken: Checkout Page
[percy] Error: Cannot verify until tile is uploaded (sha: 781b50f0c4d427e4e554def4816c6cbddf5cfe5980f62f8b24efd372f3e14521)
[[95mpercy[39m] [After filling Personal Details] : Starting automate screenshot ...
[percy] Snapshot taken: After filling Personal Details
[percy] Error: Cannot verify until tile is uploaded (sha: 5cfd78158cb47073e43a89f6418f3fd709b8e7802fecd802ac9f0c3b1b91cb1b)
[[95mpercy[39m] [After filling Personal Details] : Starting automate screenshot ...
[percy] Snapshot taken: After filling Personal Details
[percy] Error: Cannot verify until tile is uploaded (sha: ea045072cb34e77f200a4b252d02bd75505b16dcd17cdc028bbafcb6db7a12f5)
[[95mpercy[39m] [Order Confrimation Page] : Starting automate screenshot ...
[percy] Snapshot taken: Order Confrimation Page
[[95mpercy[39m] [Order Confrimation Page] : Starting automate screenshot ...
[percy] Error: Cannot verify until tile is uploaded (sha: 4a393efc9697ebb258fbc323dba7ef9fc455bbf325bf4bd55277aaacdb529871)
[percy] Snapshot taken: Order Confrimation Page
[percy] Error: Cannot verify until tile is uploaded (sha: 8fef58bf7b9b5b4d1800d430c3c902f64a78fad10925732b96bc5227412af4cf)
[[95mpercy[39m] [On Home Page] : Starting automate screenshot ...
[percy] Snapshot taken: On Home Page
[percy] Error: Cannot verify until tile is uploaded (sha: f350135aa15d6836a92cae3f6bbab49da3aa2699719208bdd3c405a7a265d859)
[[95mpercy[39m] [On Home Page] : Starting automate screenshot ...
[percy] Snapshot taken: On Home Page
[percy] Error: Cannot verify until tile is uploaded (sha: 90b0f98e8802eb5fedeb11c53916d3a05298a9a68a3d6e116cfb8c0769a4d7b8)
[[95mpercy[39m] [On Cart Page after Selecting Product] : Starting automate screenshot ...
[percy] Snapshot taken: On Cart Page after Selecting Product
[[95mpercy[39m] [On Cart Page after Selecting Product] : Starting automate screenshot ...
[percy] Snapshot taken: On Cart Page after Selecting Product
[[95mpercy[39m] [Checkout Page] : Starting automate screenshot ...
[[95mpercy[39m] [Checkout Page] : Starting automate screenshot ...
[percy] Snapshot taken: Checkout Page
[percy] Snapshot taken: Checkout Page
[[95mpercy[39m] [After filling Personal Details] : Starting automate screenshot ...
[percy] Snapshot taken: After filling Personal Details
[[95mpercy[39m] [Order Confrimation Page] : Starting automate screenshot ...
[percy] Snapshot taken: Order Confrimation Page
[percy] Finalized build #43: https://percy.io/244b0825/BrowserStack-Samples/builds/34855842
[percy] Build's CLI and CI logs sent successfully. Please share this log ID with Percy team in case of any issues - 34855842_build_34855842_cli_b081a3c0e006e08cba77b7c5062935964c7bcdec
